     1 00000000                                 ; haribote-ipl10
     2 00000000                                 ; TAB=4
     3 00000000                                 
     4  = 0000000A                              CYLS EQU 10                 ; CYLS = 10と定義する
     5 00000000                                 
     6                                              ORG     0x7c00
     7 00007C00                                 
     8 00007C00                                 ; disk
     9 00007C00 EB 4E                               JMP     SHORT   entry
    10 00007C02 90                                  DB      0x90
    11 00007C03 48 41 52 49 42 4F 54 45             DB      "HARIBOTE"      ; ブートセクタの名前(8バイト)
    12 00007C0B 0200                                DW      512             ; 1セクタの大きさ
    13 00007C0D 01                                  DB      1               ; クラスタの大きさ
    14 00007C0E 0001                                DW      1               ; FATの始まりの位置
    15 00007C10 02                                  DB      2               ; FAT個数(2にしなければならない)
    16 00007C11 00E0                                DW      224             ; ルートディレクトリの大きさ(通常は224エントリ)
    17 00007C13 0B40                                DW      2880            ; このドライブの大きさ(2880にしなければならない)
    18 00007C15 F0                                  DB      0xf0            ; メディアタイプ(0xf0にせねばならない)
    19 00007C16 0009                                DW      9               ; FAT領域の長さ(9にせねばならない)
    20 00007C18 0012                                DW      18              ; 1トラックにいくつのセクタが存在するか(18にせねばならない)
    21 00007C1A 0002                                DW      2               ; ヘッドの数(2にせねばならない)
    22 00007C1C 00000000                            DD      0               ; パーティションを使用していないので0
    23 00007C20 00000B40                            DD      2880            ; このドライブの大きさをもう一度
    24 00007C24                                 
    25 00007C24                                     ; FAT12/16におけるオフセット36以降のフィールド
    26 00007C24                                     ; DB      0,0,0x29        ; この値にしておくと幸せになれるらしい……？
    27 00007C24 00                                  DB      0x00            ; BS_DrvNum
    28 00007C25 00                                  DB      0x00            ; BS_Reserved1
    29 00007C26 29                                  DB      0x29            ; BS_BootSig
    30 00007C27                                 
    31 00007C27                                 
    32 00007C27 FFFFFFFF                            DD      0xffffffff      ; おそらくボリュームシリアル番号
    33 00007C2B 48 41 52 49 42 4F 54 45 4F 53       DB      "HARIBOTEOS "   ; ディスク名称(11バイト)
       00007C35 20 
    34 00007C36 46 41 54 31 32 20 20 20             DB      "FAT12   "      ; フォーマットの名前(8バイト)
    35 00007C3E 00 00 00 00 00 00 00 00 00 00       TIMES   18      DB    0 ; とりあえず18バイト空けておくらしい
       00007C48 00 00 00 00 00 00 00 00 
    36 00007C50                                 
    37 00007C50                                 ; Start BS_BootCode 64(0x14)    448(0x1C0)
    38 00007C50                                 entry:
    39 00007C50 B8 0000                             MOV     AX, 0           ; レジスタ初期化
    40 00007C53 8E D0                               MOV     SS, AX
    41 00007C55 BC 7C00                             MOV     SP, 0x7c00
    42 00007C58 8E D8                               MOV     DS, AX
    43 00007C5A                                 
    44 00007C5A                                 ; ディスクを読む
    45 00007C5A B8 0820                             MOV     AX, 0x0820
    46 00007C5D 8E C0                               MOV     ES, AX
    47 00007C5F B5 00                               MOV     CH, 0           ; シリンダ0
    48 00007C61 B6 00                               MOV     DH, 0           ; ヘッド0
    49 00007C63 B1 02                               MOV     CL, 2           ; セクタ2
    50 00007C65                                 
    51 00007C65                                 readloop:
    52 00007C65 BE 0000                             MOV     SI, 0           ; 失敗回数のリセット
    53 00007C68                                 
    54 00007C68                                 retry:
    55 00007C68 B4 02                               MOV     AH, 0x02        ; AH = 0x02 : ディスク読み込み  INT命令用
    56 00007C6A B0 01                               MOV     AL, 1           ; 1セクタ
    57 00007C6C BB 0000                             MOV     BX, 0
    58 00007C6F                                 
    59 00007C6F B2 00                               MOV     DL, 0x00        ; Aドライブ
    60 00007C71 CD 13                               INT     0x13            ; ディスクBIOS呼び出し
    61 00007C73 73 10                               JNC     next            ; エラーなければnext
    62 00007C75                                 
    63 00007C75 83 C6 01                            ADD     SI, 1           ; SIレジスタ + 1
    64 00007C78 83 FE 05                            CMP     SI, 5           ; SIと5を比較
    65 00007C7B 73 32                               JAE     error           ; SI >= 5の場合errorへ
    66 00007C7D                                 
    67 00007C7D B4 00                               MOV     AH, 0x00        ; INT命令用
    68 00007C7F B2 00                               MOV     DL, 0x00        ; ドライブ番号0
    69 00007C81 CD 13                               INT     0x13            ; discBIOSを呼び出す
    70 00007C83 EB E3                               JMP     retry
    71 00007C85                                 
    72 00007C85                                 next:
    73 00007C85 8C C0                               MOV     AX, ES          ; アドレスを0x200(512 = 1セクタ分進める)
    74 00007C87 05 0020                             ADD     AX, 0x0020
    75 00007C8A 8E C0                               MOV     ES, AX          ; ADD ES, 200という命令がない
    76 00007C8C                                 
    77 00007C8C 80 C1 01                            ADD     CL, 1           ; セクタ番号を1増やす
    78 00007C8F 80 F9 12                            CMP     CL, 18          ; CLと18を比較
    79 00007C92 76 D1                               JBE     readloop        ; CL <= 18の場合readloopへ
    80 00007C94                                 
    81 00007C94                                     ; ディスクの裏面
    82 00007C94 B1 01                               MOV     CL, 1
    83 00007C96 80 C6 01                            ADD     DH, 1           ; ヘッダ番号を1増やす
    84 00007C99 80 FE 02                            CMP     DH, 2           ; DHと2を比較
    85 00007C9C 72 C7                               JB      readloop        ; DH < 2の時readloopへ
    86 00007C9E                                 
    87 00007C9E B6 00                               MOV     DH, 0           ; DH = 0
    88 00007CA0 80 C5 01                            ADD     CH, 1           ; シリンダ番号を1増やす
    89 00007CA3 80 FD 0A                            CMP     CH, CYLS        ; CHとCYLS(=10)を比較
    90 00007CA6 72 BD                               JB      readloop        ; CH < CYLSの時readloop
    91 00007CA8                                 
    92 00007CA8                                     ; ブートセクタの読み込みが終わったのでOSの実行
    93 00007CA8 88 2E 0FF0                          MOV     [0x0ff0], CH    ; IPLがどこまで読んだのかメモ
    94 00007CAC E9 4551                             JMP     0xc200
    95 00007CAF                                 
    96 00007CAF                                 error:
    97 00007CAF BE 7CC7                             MOV     SI, msg
    98 00007CB2                                 
    99 00007CB2                                 putloop:
   100 00007CB2 8A 04                               MOV     AL, [SI]
   101 00007CB4 83 C6 01                            ADD     SI, 1
   102 00007CB7 3C 00                               CMP     AL, 0
   103 00007CB9 74 09                               JE      fin
   104 00007CBB                                 
   105 00007CBB B4 0E                               MOV     AH, 0x0e        ; 一文字表示ファンクション
   106 00007CBD BB 000F                             MOV     BX, 15          ; カラーコード
   107 00007CC0 CD 10                               INT     0x10            ; ビデオBIOS呼び出し(INTは割り込みという意味らしい)
   108 00007CC2 EB EE                               JMP     putloop
   109 00007CC4                                 
   110 00007CC4                                 fin:
   111 00007CC4 F4                                  HLT                     ; 何かあるまでCPU停止
   112 00007CC5 EB FD                               JMP     fin             ; 無限ループ
   113 00007CC7                                 
   114 00007CC7                                 ; メッセージ部分
   115 00007CC7                                 msg:
   116 00007CC7 0A 0A                               DB      0x0a, 0x0a      ; 改行 * 2
   117 00007CC9 6C 6F 61 64 20 65 72 72 6F 72       DB      "load error"
   118 00007CD3 0A                                  DB      0x0a            ; 改行
   119 00007CD4 00                                  DB      0
   120 00007CD5                                     
   121 00007CD5                                     ; RESB    0x1fe-$         ; 0x001feまでを0x00で埋める命令  ←この方法だと動かなかった！僕の環境だけ？
   122 00007CD5 00 00 00 00 00 00 00 00 00 00       TIMES   0x7dfe - 0x7c00 - ($-$$)    DB  0
       00007CDF 00 00 00 00 00 00 00 00 00 00 
       00007CE9 00 00 00 00 00 00 00 00 00 00 
       00007CF3 00 00 00 00 00 00 00 00 00 00 
       00007CFD 00 00 00 00 00 00 00 00 00 00 
       00007D07 00 00 00 00 00 00 00 00 00 00 
       00007D11 00 00 00 00 00 00 00 00 00 00 
       00007D1B 00 00 00 00 00 00 00 00 00 00 
       00007D25 00 00 00 00 00 00 00 00 00 00 
       00007D2F 00 00 00 00 00 00 00 00 00 00 
       00007D39 00 00 00 00 00 00 00 00 00 00 
       00007D43 00 00 00 00 00 00 00 00 00 00 
       00007D4D 00 00 00 00 00 00 00 00 00 00 
       00007D57 00 00 00 00 00 00 00 00 00 00 
       00007D61 00 00 00 00 00 00 00 00 00 00 
       00007D6B 00 00 00 00 00 00 00 00 00 00 
       00007D75 00 00 00 00 00 00 00 00 00 00 
       00007D7F 00 00 00 00 00 00 00 00 00 00 
       00007D89 00 00 00 00 00 00 00 00 00 00 
       00007D93 00 00 00 00 00 00 00 00 00 00 
       00007D9D 00 00 00 00 00 00 00 00 00 00 
       00007DA7 00 00 00 00 00 00 00 00 00 00 
       00007DB1 00 00 00 00 00 00 00 00 00 00 
       00007DBB 00 00 00 00 00 00 00 00 00 00 
       00007DC5 00 00 00 00 00 00 00 00 00 00 
       00007DCF 00 00 00 00 00 00 00 00 00 00 
       00007DD9 00 00 00 00 00 00 00 00 00 00 
       00007DE3 00 00 00 00 00 00 00 00 00 00 
       00007DED 00 00 00 00 00 00 00 00 00 00 
       00007DF7 00 00 00 00 00 00 00 
   123 00007DFE                                     ; TIMES   0x7dfe-0x7c00-($-$$)    DB      0
   124 00007DFE                                 
   125 00007DFE                                 
   126 00007DFE 55 AA                               DB      0x55, 0xaa